current directory: /usr/local/bundle/gems/json-2.21.2/ext/json/ext/parser
/usr/local/bin/ruby extconf.rb
checking for rb_enc_interned_str() in ruby/encoding.h... yes
checking for rb_str_to_interned_str() in ruby.h... yes
checking for rb_hash_new_capa() in ruby.h... yes
checking for rb_hash_bulk_insert() in ruby.h... yes
checking for ruby_xfree_sized() in ruby.h... no
checking for x86intrin.h... no
checking for intrin.h... no
checking for RUBY_TYPED_EMBEDDABLE in ruby.h... yes
checking for whether -std=c99 is accepted as CFLAGS... yes
checking for whether -mno-outline is accepted as CFLAGS... no
checking for arm_neon.h... yes
checking for cpuid.h... no
creating Makefile

current directory: /usr/local/bundle/gems/json-2.21.2/ext/json/ext/parser
make DESTDIR\= sitearchdir\=./.gem.20260731-7-v2tnqp sitelibdir\=./.gem.20260731-7-v2tnqp clean

current directory: /usr/local/bundle/gems/json-2.21.2/ext/json/ext/parser
make DESTDIR\= sitearchdir\=./.gem.20260731-7-v2tnqp sitelibdir\=./.gem.20260731-7-v2tnqp
compiling parser.c
linking shared-object json/ext/parser.so

current directory: /usr/local/bundle/gems/json-2.21.2/ext/json/ext/parser
make DESTDIR\= sitearchdir\=./.gem.20260731-7-v2tnqp sitelibdir\=./.gem.20260731-7-v2tnqp install
/usr/bin/install -c -m 0755 parser.so ./.gem.20260731-7-v2tnqp/json/ext

current directory: /usr/local/bundle/gems/json-2.21.2/ext/json/ext/parser
make DESTDIR\= sitearchdir\=./.gem.20260731-7-v2tnqp sitelibdir\=./.gem.20260731-7-v2tnqp clean
